adjusting ipsec.d to XX
Starting Pluto (Openswan Version VERSION
LEAK_DETECTIVE support [disabled]
OCF support for IKE [disabled]
SAref support [disabled]: Protocol not available
SAbind support [disabled]: Protocol not available
HAVE_STATSD notification support not compiled in
Setting NAT-Traversal port-4500 floating to off
   port floating activation criteria nat_t=0/port_float=1
   NAT-Traversal support  [disabled]
ike_alg_register_enc(): Activating OAKLEY_AES_CBC: Ok (ret=0)
ike_alg_register_hash(): Activating OAKLEY_SHA2_512: Ok (ret=0)
ike_alg_register_hash(): Activating OAKLEY_SHA2_256: Ok (ret=0)
starting up X cryptographic helpers
Using 'no_kernel' interface code on
  loading certificate from berri1.pem 
  loaded host cert file '/whopping/openswan/tests/functional/18-certloadorient/OUTPUT/certs/berri1.pem' (1212 bytes)
  loading certificate from peel1.pem 
  loaded host cert file '/whopping/openswan/tests/functional/18-certloadorient/OUTPUT/certs/peel1.pem' (1208 bytes)
adding connection: "green"
"green": deleting connection
